2026-08-06T03:37:21.914722Z  INFO herdr::api::server: api server listening path=/data/data/com.termux/files/home/.config/herdr/herdr.sock
2026-08-06T03:37:21.918032Z  INFO herdr::app: using pane scrollback configuration pane_scrollback_limit_bytes=10000000
2026-08-06T03:37:22.083733Z  INFO herdr::logging: checking for updates event="update.check.start" subsystem="update" outcome="started"
2026-08-06T03:37:22.129925Z  INFO herdr::logging: spawning pane terminal event="pane.spawn.start" subsystem="pane" outcome="started" pane_id=1 rows=24 cols=80 scrollback_limit_bytes=10000000
2026-08-06T03:37:22.133537Z  INFO herdr::logging: pane child spawned event="pane.spawned" subsystem="pane" outcome="ok" pane_id=1 pid=14978
2026-08-06T03:37:22.134544Z  INFO herdr::logging: workspace created event="workspace.create" subsystem="workspace" outcome="ok" workspace_id="w1" pane_id=1
2026-08-06T03:37:22.134596Z  INFO herdr::logging: workspace focused event="workspace.focus" subsystem="workspace" outcome="ok" workspace_id="w1"
2026-08-06T03:37:22.134642Z  INFO herdr::logging: tab focused event="tab.focus" subsystem="tab" outcome="ok" workspace_id="w1" tab_id="w1:t1"
2026-08-06T03:37:22.134670Z  INFO herdr::server::headless: created startup workspace cwd=/data/data/com.termux/files/home
2026-08-06T03:37:22.134891Z  INFO herdr::server::headless: client protocol socket listening path=/data/data/com.termux/files/home/.config/herdr/herdr-client.sock
2026-08-06T03:37:22.134986Z  INFO herdr::server::headless: herdr server started api_socket=/data/data/com.termux/files/home/.config/herdr/herdr.sock client_socket=/data/data/com.termux/files/home/.config/herdr/herdr-client.sock
2026-08-06T03:37:22.136164Z  INFO herdr::logging: herdr starting event="app.startup" subsystem="server" outcome="started" pid=14950
2026-08-06T03:37:22.392227Z  INFO herdr::server::headless: client connected client_id=2 cols=141 rows=71 cell_width_px=0 cell_height_px=0 render_encoding=SemanticFrame
2026-08-06T03:37:27.138457Z  INFO herdr::logging: session saved event="persist.save" subsystem="persist" outcome="ok" path=/data/data/com.termux/files/home/.config/herdr/session.json workspaces=1
2026-08-06T03:37:33.022370Z  INFO herdr::logging: pane child exited event="pane.exit" subsystem="pane" outcome="completed" pane_id=1 status="ExitStatus { code: 127, signal: None }"
2026-08-06T03:37:33.025629Z  INFO herdr::pane: pane session terminated pane=1 pid=14978 signal=Hangup
2026-08-06T03:37:33.025921Z  INFO herdr::logging: spawning pane terminal event="pane.spawn.start" subsystem="pane" outcome="started" pane_id=2 rows=70 cols=115 scrollback_limit_bytes=10000000
2026-08-06T03:37:33.027623Z  INFO herdr::logging: pane child spawned event="pane.spawned" subsystem="pane" outcome="ok" pane_id=2 pid=15313
2026-08-06T03:37:33.028038Z  INFO herdr::logging: workspace created event="workspace.create" subsystem="workspace" outcome="ok" workspace_id="w2" pane_id=2
2026-08-06T03:37:33.028066Z  INFO herdr::logging: workspace focused event="workspace.focus" subsystem="workspace" outcome="ok" workspace_id="w2"
2026-08-06T03:37:33.028089Z  INFO herdr::logging: tab focused event="tab.focus" subsystem="tab" outcome="ok" workspace_id="w2" tab_id="w2:t1"
2026-08-06T03:37:36.545664Z  INFO herdr::server::headless: client resize client_id=2 cols=141 rows=122 cell_width_px=0 cell_height_px=0
2026-08-06T03:37:37.295416Z  INFO herdr::server::headless: client resize client_id=2 cols=141 rows=71 cell_width_px=0 cell_height_px=0
2026-08-06T03:37:38.041502Z  INFO herdr::logging: session saved event="persist.save" subsystem="persist" outcome="ok" path=/data/data/com.termux/files/home/.config/herdr/session.json workspaces=1
2026-08-06T03:44:11.857198Z  INFO herdr::api::server: api server listening path=/data/data/com.termux/files/home/.config/herdr/herdr.sock
2026-08-06T03:44:11.875425Z  INFO herdr::logging: spawning pane terminal event="pane.spawn.start" subsystem="pane" outcome="started" pane_id=1 rows=24 cols=80 scrollback_limit_bytes=10000000
2026-08-06T03:44:11.885473Z  INFO herdr::logging: pane child spawned event="pane.spawned" subsystem="pane" outcome="ok" pane_id=1 pid=19418
2026-08-06T03:44:11.887120Z  INFO herdr::logging: session restore evaluated event="persist.restore" subsystem="persist" outcome="ok" workspaces=1
2026-08-06T03:44:11.887359Z  INFO herdr::app: using pane scrollback configuration pane_scrollback_limit_bytes=10000000
2026-08-06T03:44:12.189813Z  INFO herdr::logging: checking for updates event="update.check.start" subsystem="update" outcome="started"
2026-08-06T03:44:12.216774Z  INFO herdr::server::headless: restored session already has workspaces; ignoring startup cwd cwd=/data/data/com.termux/files/home
2026-08-06T03:44:12.217042Z  INFO herdr::server::headless: client protocol socket listening path=/data/data/com.termux/files/home/.config/herdr/herdr-client.sock
2026-08-06T03:44:12.217124Z  INFO herdr::server::headless: herdr server started api_socket=/data/data/com.termux/files/home/.config/herdr/herdr.sock client_socket=/data/data/com.termux/files/home/.config/herdr/herdr-client.sock
2026-08-06T03:44:12.220094Z  INFO herdr::logging: herdr starting event="app.startup" subsystem="server" outcome="started" pid=19408
2026-08-06T03:44:12.259062Z  INFO herdr::server::headless: client connected client_id=2 cols=141 rows=71 cell_width_px=0 cell_height_px=0 render_encoding=SemanticFrame
2026-08-06T03:44:30.309564Z  WARN herdr::detect::manifest_update: agent detection manifest update failed: failed to fetch https://herdr.dev/agent-detection/index.toml
2026-08-06T03:44:59.349362Z  WARN herdr::logging: update check failed event="update.check.complete" subsystem="update" outcome="error" err="failed to fetch update manifest"
2026-08-06T03:44:59.844312Z  WARN herdr::raw_input: flushing lone escape after input timeout; if this follows an alt chord or focus switch it may reach the pane as plain esc bytes=[27]
2026-08-06T03:45:14.156814Z  WARN herdr::raw_input: flushing lone escape after input timeout; if this follows an alt chord or focus switch it may reach the pane as plain esc bytes=[27]
2026-08-06T03:45:56.187956Z  WARN herdr::raw_input: flushing lone escape after input timeout; if this follows an alt chord or focus switch it may reach the pane as plain esc bytes=[27]
2026-08-06T03:45:58.112238Z  INFO herdr::logging: tab focused event="tab.focus" subsystem="tab" outcome="ok" workspace_id="w2" tab_id="w2:t1"
2026-08-06T03:46:02.243772Z  INFO herdr::logging: tab focused event="tab.focus" subsystem="tab" outcome="ok" workspace_id="w2" tab_id="w2:t1"
2026-08-06T03:46:04.198924Z  INFO herdr::logging: tab focused event="tab.focus" subsystem="tab" outcome="ok" workspace_id="w2" tab_id="w2:t1"
2026-08-06T03:46:09.202916Z  INFO herdr::logging: session saved event="persist.save" subsystem="persist" outcome="ok" path=/data/data/com.termux/files/home/.config/herdr/session.json workspaces=1
2026-08-06T03:46:27.674280Z  WARN herdr::raw_input: flushing lone escape after input timeout; if this follows an alt chord or focus switch it may reach the pane as plain esc bytes=[27]
2026-08-06T03:46:45.776691Z  WARN herdr::raw_input: flushing lone escape after input timeout; if this follows an alt chord or focus switch it may reach the pane as plain esc bytes=[27]
2026-08-06T03:46:48.356533Z  INFO herdr::logging: workspace closed event="workspace.close" subsystem="workspace" outcome="ok" workspace_id="w2"
2026-08-06T03:46:48.364344Z  INFO herdr::logging: pane child exited event="pane.exit" subsystem="pane" outcome="completed" pane_id=1 status="ExitStatus { code: 1, signal: None }"
2026-08-06T03:46:48.365610Z  INFO herdr::pane: pane session terminated pane=1 pid=19418 signal=Hangup
2026-08-06T03:46:48.367968Z  WARN herdr::app::actions: PaneDied for unknown pane pane=1
2026-08-06T03:46:48.368726Z  INFO herdr::logging: spawning pane terminal event="pane.spawn.start" subsystem="pane" outcome="started" pane_id=2 rows=70 cols=115 scrollback_limit_bytes=10000000
2026-08-06T03:46:48.376394Z  INFO herdr::logging: pane child spawned event="pane.spawned" subsystem="pane" outcome="ok" pane_id=2 pid=19828
2026-08-06T03:46:48.376932Z  INFO herdr::logging: workspace created event="workspace.create" subsystem="workspace" outcome="ok" workspace_id="w3" pane_id=2
2026-08-06T03:46:48.377006Z  INFO herdr::logging: workspace focused event="workspace.focus" subsystem="workspace" outcome="ok" workspace_id="w3"
2026-08-06T03:46:48.377098Z  INFO herdr::logging: tab focused event="tab.focus" subsystem="tab" outcome="ok" workspace_id="w3" tab_id="w3:t1"
2026-08-06T03:46:53.409099Z  INFO herdr::logging: session saved event="persist.save" subsystem="persist" outcome="ok" path=/data/data/com.termux/files/home/.config/herdr/session.json workspaces=1
